{
    "Test clean reads run without failure illumina": {
        "content": [
            {
                "0": [
                    
                ],
                "1": [
                    
                ],
                "2": [
                    [
                        {
                            "id": "SAMPlE1",
                            "hybrid": false,
                            "assembly": false,
                            "downsampled": false,
                            "single_end": false,
                            "merge": false
                        },
                        {
                            "fastq_ext": ".trimmed.fastq.gz",
                            "singularity": "https://depot.galaxyproject.org/singularity/fastp%3A0.23.2--hb7a2d85_2",
                            "docker": "biocontainers/fastp:0.23.2--hb7a2d85_2",
                            "html_ext": ".html",
                            "json_ext": ".json",
                            "report_tag": "FastP",
                            "average_quality_e": 25,
                            "cut_tail_mean_quality": 15,
                            "cut_tail_window_size": 4,
                            "complexity_threshold": 20,
                            "qualified_quality_phred": 15,
                            "unqualified_percent_limit": 40,
                            "polyg_min_len": 10,
                            "polyx_min_len": 10,
                            "illumina_length_min": 35,
                            "illumina_length_max": 400,
                            "single_end_length_min": 1000,
                            "dedup_reads": false,
                            "args": {
                                "illumina": "-Q",
                                "single_end": "-Q"
                            },
                            "report_exclude_fields": [
                                "content_curves",
                                "quality_curves",
                                "mean",
                                "kmer_count",
                                "histogram",
                                "overrepresented_sequences"
                            ]
                        },
                        "SAMPlE1.json:md5,b1e96c37c41a9753485d40b1f0cf7033"
                    ],
                    [
                        {
                            "id": "SAMPlE1",
                            "hybrid": false,
                            "assembly": false,
                            "downsampled": false,
                            "single_end": false,
                            "merge": false
                        },
                        {
                            "threshold": 1000,
                            "report_tag": "MeetsReadThreshold"
                        },
                        false
                    ]
                ],
                "3": [
                    "versions.yml:md5,662de06a73ecf3af0c3a670b6cbdb130",
                    "versions.yml:md5,9f9fdde5178fcb4d6a69e86c6f7d61b2"
                ],
                "genome_size": [
                    
                ],
                "reports": [
                    [
                        {
                            "id": "SAMPlE1",
                            "hybrid": false,
                            "assembly": false,
                            "downsampled": false,
                            "single_end": false,
                            "merge": false
                        },
                        {
                            "fastq_ext": ".trimmed.fastq.gz",
                            "singularity": "https://depot.galaxyproject.org/singularity/fastp%3A0.23.2--hb7a2d85_2",
                            "docker": "biocontainers/fastp:0.23.2--hb7a2d85_2",
                            "html_ext": ".html",
                            "json_ext": ".json",
                            "report_tag": "FastP",
                            "average_quality_e": 25,
                            "cut_tail_mean_quality": 15,
                            "cut_tail_window_size": 4,
                            "complexity_threshold": 20,
                            "qualified_quality_phred": 15,
                            "unqualified_percent_limit": 40,
                            "polyg_min_len": 10,
                            "polyx_min_len": 10,
                            "illumina_length_min": 35,
                            "illumina_length_max": 400,
                            "single_end_length_min": 1000,
                            "dedup_reads": false,
                            "args": {
                                "illumina": "-Q",
                                "single_end": "-Q"
                            },
                            "report_exclude_fields": [
                                "content_curves",
                                "quality_curves",
                                "mean",
                                "kmer_count",
                                "histogram",
                                "overrepresented_sequences"
                            ]
                        },
                        "SAMPlE1.json:md5,b1e96c37c41a9753485d40b1f0cf7033"
                    ],
                    [
                        {
                            "id": "SAMPlE1",
                            "hybrid": false,
                            "assembly": false,
                            "downsampled": false,
                            "single_end": false,
                            "merge": false
                        },
                        {
                            "threshold": 1000,
                            "report_tag": "MeetsReadThreshold"
                        },
                        false
                    ]
                ],
                "trimmed_reads": [
                    
                ],
                "versions": [
                    "versions.yml:md5,662de06a73ecf3af0c3a670b6cbdb130",
                    "versions.yml:md5,9f9fdde5178fcb4d6a69e86c6f7d61b2"
                ]
            }
        ],
        "meta": {
            "nf-test": "0.9.0",
            "nextflow": "24.04.4"
        },
        "timestamp": "2024-10-02T09:12:02.784693019"
    },
    "Test clean reads run without failure fake nanopore (downsampling)": {
        "content": [
            {
                "0": [
                    [
                        {
                            "id": "SAMPlE1",
                            "hybrid": false,
                            "assembly": false,
                            "downsampled": true,
                            "single_end": true,
                            "merge": false,
                            "metagenomic": false
                        },
                        "SAMPlE1.sampled.fastq.gz:md5,83fc03cad8f5d56ab450a23f071a2752"
                    ]
                ],
                "1": [
                    [
                        {
                            "id": "SAMPlE1",
                            "hybrid": false,
                            "assembly": false,
                            "downsampled": false,
                            "single_end": true,
                            "merge": false
                        },
                        353337
                    ]
                ],
                "2": [
                    [
                        {
                            "id": "SAMPlE1",
                            "hybrid": false,
                            "assembly": false,
                            "downsampled": true,
                            "single_end": true,
                            "merge": false,
                            "metagenomic": false
                        },
                        {
                            "report_tag": "MashMeta"
                        },
                        "false"
                    ],
                    [
                        {
                            "id": "SAMPlE1",
                            "hybrid": false,
                            "assembly": false,
                            "downsampled": true,
                            "single_end": true,
                            "merge": false
                        },
                        {
                            "docker": "biocontainers/rasusa:2.1.0--h715e4b3_0",
                            "singularity": "https://depot.galaxyproject.org/singularity/rasusa:2.1.0--h715e4b3_0",
                            "reads_ext": ".sampled.fastq.gz",
                            "seed": 42
                        },
                        0.339
                    ],
                    [
                        {
                            "id": "SAMPlE1",
                            "hybrid": false,
                            "assembly": false,
                            "downsampled": true,
                            "single_end": true,
                            "merge": false
                        },
                        {
                            "fastq_ext": ".trimmed.fastq.gz",
                            "singularity": "https://depot.galaxyproject.org/singularity/fastp%3A0.23.2--hb7a2d85_2",
                            "docker": "biocontainers/fastp:0.23.2--hb7a2d85_2",
                            "html_ext": ".html",
                            "json_ext": ".json",
                            "report_tag": "FastP",
                            "average_quality_e": 25,
                            "cut_tail_mean_quality": 15,
                            "cut_tail_window_size": 4,
                            "complexity_threshold": 20,
                            "qualified_quality_phred": 15,
                            "unqualified_percent_limit": 40,
                            "polyg_min_len": 10,
                            "polyx_min_len": 10,
                            "illumina_length_min": 35,
                            "illumina_length_max": 400,
                            "single_end_length_min": 1000,
                            "dedup_reads": false,
                            "args": {
                                "illumina": "-Q",
                                "single_end": "-Q"
                            },
                            "report_exclude_fields": [
                                "content_curves",
                                "quality_curves",
                                "mean",
                                "kmer_count",
                                "histogram",
                                "overrepresented_sequences"
                            ]
                        },
                        "SAMPlE1.json:md5,120cf53778f43424edb66c671b3c62f7"
                    ],
                    [
                        {
                            "id": "SAMPlE1",
                            "hybrid": false,
                            "assembly": false,
                            "downsampled": true,
                            "single_end": true,
                            "merge": false
                        },
                        {
                            "threshold": 1000,
                            "report_tag": "MeetsReadThreshold"
                        },
                        true
                    ]
                ],
                "3": [
                    "versions.yml:md5,24650bb863b10ea27510d94eafc0f6ff",
                    "versions.yml:md5,3879b6c1eb5ca6e84d9f6d67c3b7c97a",
                    "versions.yml:md5,662de06a73ecf3af0c3a670b6cbdb130",
                    "versions.yml:md5,9f9fdde5178fcb4d6a69e86c6f7d61b2",
                    "versions.yml:md5,db19eb2aca274569d2c27aefdd0b3b73"
                ],
                "genome_size": [
                    [
                        {
                            "id": "SAMPlE1",
                            "hybrid": false,
                            "assembly": false,
                            "downsampled": false,
                            "single_end": true,
                            "merge": false
                        },
                        353337
                    ]
                ],
                "reports": [
                    [
                        {
                            "id": "SAMPlE1",
                            "hybrid": false,
                            "assembly": false,
                            "downsampled": true,
                            "single_end": true,
                            "merge": false,
                            "metagenomic": false
                        },
                        {
                            "report_tag": "MashMeta"
                        },
                        "false"
                    ],
                    [
                        {
                            "id": "SAMPlE1",
                            "hybrid": false,
                            "assembly": false,
                            "downsampled": true,
                            "single_end": true,
                            "merge": false
                        },
                        {
                            "docker": "biocontainers/rasusa:2.1.0--h715e4b3_0",
                            "singularity": "https://depot.galaxyproject.org/singularity/rasusa:2.1.0--h715e4b3_0",
                            "reads_ext": ".sampled.fastq.gz",
                            "seed": 42
                        },
                        0.339
                    ],
                    [
                        {
                            "id": "SAMPlE1",
                            "hybrid": false,
                            "assembly": false,
                            "downsampled": true,
                            "single_end": true,
                            "merge": false
                        },
                        {
                            "fastq_ext": ".trimmed.fastq.gz",
                            "singularity": "https://depot.galaxyproject.org/singularity/fastp%3A0.23.2--hb7a2d85_2",
                            "docker": "biocontainers/fastp:0.23.2--hb7a2d85_2",
                            "html_ext": ".html",
                            "json_ext": ".json",
                            "report_tag": "FastP",
                            "average_quality_e": 25,
                            "cut_tail_mean_quality": 15,
                            "cut_tail_window_size": 4,
                            "complexity_threshold": 20,
                            "qualified_quality_phred": 15,
                            "unqualified_percent_limit": 40,
                            "polyg_min_len": 10,
                            "polyx_min_len": 10,
                            "illumina_length_min": 35,
                            "illumina_length_max": 400,
                            "single_end_length_min": 1000,
                            "dedup_reads": false,
                            "args": {
                                "illumina": "-Q",
                                "single_end": "-Q"
                            },
                            "report_exclude_fields": [
                                "content_curves",
                                "quality_curves",
                                "mean",
                                "kmer_count",
                                "histogram",
                                "overrepresented_sequences"
                            ]
                        },
                        "SAMPlE1.json:md5,120cf53778f43424edb66c671b3c62f7"
                    ],
                    [
                        {
                            "id": "SAMPlE1",
                            "hybrid": false,
                            "assembly": false,
                            "downsampled": true,
                            "single_end": true,
                            "merge": false
                        },
                        {
                            "threshold": 1000,
                            "report_tag": "MeetsReadThreshold"
                        },
                        true
                    ]
                ],
                "trimmed_reads": [
                    [
                        {
                            "id": "SAMPlE1",
                            "hybrid": false,
                            "assembly": false,
                            "downsampled": true,
                            "single_end": true,
                            "merge": false,
                            "metagenomic": false
                        },
                        "SAMPlE1.sampled.fastq.gz:md5,83fc03cad8f5d56ab450a23f071a2752"
                    ]
                ],
                "versions": [
                    "versions.yml:md5,24650bb863b10ea27510d94eafc0f6ff",
                    "versions.yml:md5,3879b6c1eb5ca6e84d9f6d67c3b7c97a",
                    "versions.yml:md5,662de06a73ecf3af0c3a670b6cbdb130",
                    "versions.yml:md5,9f9fdde5178fcb4d6a69e86c6f7d61b2",
                    "versions.yml:md5,db19eb2aca274569d2c27aefdd0b3b73"
                ]
            }
        ],
        "meta": {
            "nf-test": "0.9.0",
            "nextflow": "24.04.4"
        },
        "timestamp": "2024-10-02T09:12:58.150055653"
    },
    "Test clean reads run without failure illumina (downsampling)": {
        "content": [
            {
                "0": [
                    [
                        {
                            "id": "SAMPlE1",
                            "hybrid": false,
                            "assembly": false,
                            "downsampled": true,
                            "single_end": false,
                            "merge": false,
                            "metagenomic": false
                        },
                        [
                            "SAMPlE1_R1.sampled.fastq.gz:md5,e6cd4df6e3e943f3a0b4c96c851a0bd1",
                            "SAMPlE1_R2.sampled.fastq.gz:md5,c58d06431927a8b165a0d4471f260536"
                        ]
                    ]
                ],
                "1": [
                    [
                        {
                            "id": "SAMPlE1",
                            "hybrid": false,
                            "assembly": false,
                            "downsampled": false,
                            "single_end": false,
                            "merge": false
                        },
                        624151
                    ]
                ],
                "2": [
                    [
                        {
                            "id": "SAMPlE1",
                            "hybrid": false,
                            "assembly": false,
                            "downsampled": true,
                            "single_end": false,
                            "merge": false,
                            "metagenomic": false
                        },
                        {
                            "report_tag": "MashMeta"
                        },
                        "false"
                    ],
                    [
                        {
                            "id": "SAMPlE1",
                            "hybrid": false,
                            "assembly": false,
                            "downsampled": true,
                            "single_end": false,
                            "merge": false
                        },
                        {
                            "fastq_ext": ".trimmed.fastq.gz",
                            "singularity": "https://depot.galaxyproject.org/singularity/fastp%3A0.23.2--hb7a2d85_2",
                            "docker": "biocontainers/fastp:0.23.2--hb7a2d85_2",
                            "html_ext": ".html",
                            "json_ext": ".json",
                            "report_tag": "FastP",
                            "average_quality_e": 25,
                            "cut_tail_mean_quality": 15,
                            "cut_tail_window_size": 4,
                            "complexity_threshold": 20,
                            "qualified_quality_phred": 15,
                            "unqualified_percent_limit": 40,
                            "polyg_min_len": 10,
                            "polyx_min_len": 10,
                            "illumina_length_min": 35,
                            "illumina_length_max": 400,
                            "single_end_length_min": 1000,
                            "dedup_reads": false,
                            "args": {
                                "illumina": "-Q",
                                "single_end": "-Q"
                            },
                            "report_exclude_fields": [
                                "content_curves",
                                "quality_curves",
                                "mean",
                                "kmer_count",
                                "histogram",
                                "overrepresented_sequences"
                            ]
                        },
                        "SAMPlE1.json:md5,7da5f0f3505f8caa250064d497b3b1ab"
                    ],
                    [
                        {
                            "id": "SAMPlE1",
                            "hybrid": false,
                            "assembly": false,
                            "downsampled": true,
                            "single_end": false,
                            "merge": false
                        },
                        {
                            "singularity": "https://depot.galaxyproject.org/singularity/seqtk%3A1.4--he4a0461_1",
                            "docker": "biocontainers/seqtk:1.4--he4a0461_1",
                            "seed": 42,
                            "reads_ext": ".sampled.fastq.gz",
                            "assembly_fastq": ".fastq.gz",
                            "report_tag": "Seqtk"
                        },
                        0.299
                    ],
                    [
                        {
                            "id": "SAMPlE1",
                            "hybrid": false,
                            "assembly": false,
                            "downsampled": true,
                            "single_end": false,
                            "merge": false
                        },
                        {
                            "threshold": 1000,
                            "report_tag": "MeetsReadThreshold"
                        },
                        true
                    ]
                ],
                "3": [
                    "versions.yml:md5,24650bb863b10ea27510d94eafc0f6ff",
                    "versions.yml:md5,3879b6c1eb5ca6e84d9f6d67c3b7c97a",
                    "versions.yml:md5,662de06a73ecf3af0c3a670b6cbdb130",
                    "versions.yml:md5,9f9fdde5178fcb4d6a69e86c6f7d61b2",
                    "versions.yml:md5,e3e3100fb1f616478648071cd0e2a63e"
                ],
                "genome_size": [
                    [
                        {
                            "id": "SAMPlE1",
                            "hybrid": false,
                            "assembly": false,
                            "downsampled": false,
                            "single_end": false,
                            "merge": false
                        },
                        624151
                    ]
                ],
                "reports": [
                    [
                        {
                            "id": "SAMPlE1",
                            "hybrid": false,
                            "assembly": false,
                            "downsampled": true,
                            "single_end": false,
                            "merge": false,
                            "metagenomic": false
                        },
                        {
                            "report_tag": "MashMeta"
                        },
                        "false"
                    ],
                    [
                        {
                            "id": "SAMPlE1",
                            "hybrid": false,
                            "assembly": false,
                            "downsampled": true,
                            "single_end": false,
                            "merge": false
                        },
                        {
                            "fastq_ext": ".trimmed.fastq.gz",
                            "singularity": "https://depot.galaxyproject.org/singularity/fastp%3A0.23.2--hb7a2d85_2",
                            "docker": "biocontainers/fastp:0.23.2--hb7a2d85_2",
                            "html_ext": ".html",
                            "json_ext": ".json",
                            "report_tag": "FastP",
                            "average_quality_e": 25,
                            "cut_tail_mean_quality": 15,
                            "cut_tail_window_size": 4,
                            "complexity_threshold": 20,
                            "qualified_quality_phred": 15,
                            "unqualified_percent_limit": 40,
                            "polyg_min_len": 10,
                            "polyx_min_len": 10,
                            "illumina_length_min": 35,
                            "illumina_length_max": 400,
                            "single_end_length_min": 1000,
                            "dedup_reads": false,
                            "args": {
                                "illumina": "-Q",
                                "single_end": "-Q"
                            },
                            "report_exclude_fields": [
                                "content_curves",
                                "quality_curves",
                                "mean",
                                "kmer_count",
                                "histogram",
                                "overrepresented_sequences"
                            ]
                        },
                        "SAMPlE1.json:md5,7da5f0f3505f8caa250064d497b3b1ab"
                    ],
                    [
                        {
                            "id": "SAMPlE1",
                            "hybrid": false,
                            "assembly": false,
                            "downsampled": true,
                            "single_end": false,
                            "merge": false
                        },
                        {
                            "singularity": "https://depot.galaxyproject.org/singularity/seqtk%3A1.4--he4a0461_1",
                            "docker": "biocontainers/seqtk:1.4--he4a0461_1",
                            "seed": 42,
                            "reads_ext": ".sampled.fastq.gz",
                            "assembly_fastq": ".fastq.gz",
                            "report_tag": "Seqtk"
                        },
                        0.299
                    ],
                    [
                        {
                            "id": "SAMPlE1",
                            "hybrid": false,
                            "assembly": false,
                            "downsampled": true,
                            "single_end": false,
                            "merge": false
                        },
                        {
                            "threshold": 1000,
                            "report_tag": "MeetsReadThreshold"
                        },
                        true
                    ]
                ],
                "trimmed_reads": [
                    [
                        {
                            "id": "SAMPlE1",
                            "hybrid": false,
                            "assembly": false,
                            "downsampled": true,
                            "single_end": false,
                            "merge": false,
                            "metagenomic": false
                        },
                        [
                            "SAMPlE1_R1.sampled.fastq.gz:md5,e6cd4df6e3e943f3a0b4c96c851a0bd1",
                            "SAMPlE1_R2.sampled.fastq.gz:md5,c58d06431927a8b165a0d4471f260536"
                        ]
                    ]
                ],
                "versions": [
                    "versions.yml:md5,24650bb863b10ea27510d94eafc0f6ff",
                    "versions.yml:md5,3879b6c1eb5ca6e84d9f6d67c3b7c97a",
                    "versions.yml:md5,662de06a73ecf3af0c3a670b6cbdb130",
                    "versions.yml:md5,9f9fdde5178fcb4d6a69e86c6f7d61b2",
                    "versions.yml:md5,e3e3100fb1f616478648071cd0e2a63e"
                ]
            }
        ],
        "meta": {
            "nf-test": "0.9.0",
            "nextflow": "24.04.4"
        },
        "timestamp": "2024-10-02T09:13:28.292223121"
    },
    "Test clean reads run without failure fake nanopore": {
        "content": [
            {
                "0": [
                    
                ],
                "1": [
                    
                ],
                "2": [
                    [
                        {
                            "id": "SAMPlE1",
                            "hybrid": false,
                            "assembly": false,
                            "downsampled": false,
                            "single_end": true,
                            "merge": false
                        },
                        {
                            "fastq_ext": ".trimmed.fastq.gz",
                            "singularity": "https://depot.galaxyproject.org/singularity/fastp%3A0.23.2--hb7a2d85_2",
                            "docker": "biocontainers/fastp:0.23.2--hb7a2d85_2",
                            "html_ext": ".html",
                            "json_ext": ".json",
                            "report_tag": "FastP",
                            "average_quality_e": 25,
                            "cut_tail_mean_quality": 15,
                            "cut_tail_window_size": 4,
                            "complexity_threshold": 20,
                            "qualified_quality_phred": 15,
                            "unqualified_percent_limit": 40,
                            "polyg_min_len": 10,
                            "polyx_min_len": 10,
                            "illumina_length_min": 35,
                            "illumina_length_max": 400,
                            "single_end_length_min": 1000,
                            "dedup_reads": false,
                            "args": {
                                "illumina": "-Q",
                                "single_end": "-Q"
                            },
                            "report_exclude_fields": [
                                "content_curves",
                                "quality_curves",
                                "mean",
                                "kmer_count",
                                "histogram",
                                "overrepresented_sequences"
                            ]
                        },
                        "SAMPlE1.json:md5,ef21c948b21354b81116611b9e4740a2"
                    ],
                    [
                        {
                            "id": "SAMPlE1",
                            "hybrid": false,
                            "assembly": false,
                            "downsampled": false,
                            "single_end": true,
                            "merge": false
                        },
                        {
                            "threshold": 1000,
                            "report_tag": "MeetsReadThreshold"
                        },
                        false
                    ]
                ],
                "3": [
                    "versions.yml:md5,662de06a73ecf3af0c3a670b6cbdb130",
                    "versions.yml:md5,9f9fdde5178fcb4d6a69e86c6f7d61b2"
                ],
                "genome_size": [
                    
                ],
                "reports": [
                    [
                        {
                            "id": "SAMPlE1",
                            "hybrid": false,
                            "assembly": false,
                            "downsampled": false,
                            "single_end": true,
                            "merge": false
                        },
                        {
                            "fastq_ext": ".trimmed.fastq.gz",
                            "singularity": "https://depot.galaxyproject.org/singularity/fastp%3A0.23.2--hb7a2d85_2",
                            "docker": "biocontainers/fastp:0.23.2--hb7a2d85_2",
                            "html_ext": ".html",
                            "json_ext": ".json",
                            "report_tag": "FastP",
                            "average_quality_e": 25,
                            "cut_tail_mean_quality": 15,
                            "cut_tail_window_size": 4,
                            "complexity_threshold": 20,
                            "qualified_quality_phred": 15,
                            "unqualified_percent_limit": 40,
                            "polyg_min_len": 10,
                            "polyx_min_len": 10,
                            "illumina_length_min": 35,
                            "illumina_length_max": 400,
                            "single_end_length_min": 1000,
                            "dedup_reads": false,
                            "args": {
                                "illumina": "-Q",
                                "single_end": "-Q"
                            },
                            "report_exclude_fields": [
                                "content_curves",
                                "quality_curves",
                                "mean",
                                "kmer_count",
                                "histogram",
                                "overrepresented_sequences"
                            ]
                        },
                        "SAMPlE1.json:md5,ef21c948b21354b81116611b9e4740a2"
                    ],
                    [
                        {
                            "id": "SAMPlE1",
                            "hybrid": false,
                            "assembly": false,
                            "downsampled": false,
                            "single_end": true,
                            "merge": false
                        },
                        {
                            "threshold": 1000,
                            "report_tag": "MeetsReadThreshold"
                        },
                        false
                    ]
                ],
                "trimmed_reads": [
                    
                ],
                "versions": [
                    "versions.yml:md5,662de06a73ecf3af0c3a670b6cbdb130",
                    "versions.yml:md5,9f9fdde5178fcb4d6a69e86c6f7d61b2"
                ]
            }
        ],
        "meta": {
            "nf-test": "0.9.0",
            "nextflow": "24.04.4"
        },
        "timestamp": "2024-10-02T09:12:30.613388911"
    }
}